../Core/Src/main.c:79:5:main	8	static
../Core/Src/main.c:103:6:SystemClock_Config	88	static
../Core/Src/main.c:145:13:MX_I2C1_Init	8	static
../Core/Src/main.c:179:13:MX_SPI1_Init	8	static
../Core/Src/main.c:217:13:MX_USART2_UART_Init	8	static
../Core/Src/main.c:250:13:MX_GPIO_Init	40	static
../Core/Src/main.c:290:6:Error_Handler	4	static,ignoring_inline_asm
../Core/Src/main.c:302:6:vApplicationGetIdleTaskMemory	24	static
../Core/Src/main.c:314:6:vApplicationGetTimerTaskMemory	24	static
../Core/Src/main.c:327:6:vApplicationStackOverflowHook	16	static
