../Core/Src/port.c:317:15:pxPortInitialiseStack	24	static
../Core/Src/port.c:817:12:xPortStartScheduler	48	static,ignoring_inline_asm
../Core/Src/port.c:1003:6:vPortEndScheduler	16	static,ignoring_inline_asm
../Core/Src/port.c:1385:6:vPortStoreTaskMPUSettings	32	static
../Core/Src/port.c:1519:16:xPortIsAuthorizedToAccessBuffer	48	static
../Core/Src/port.c:1673:20:xPortIsAuthorizedToAccessKernelObject	32	static
../Core/Src/port.c:1633:10:vPortGrantAccessToKernelObject	32	static
../Core/Src/port.c:1652:10:vPortRevokeAccessToKernelObject	32	static
../Core/Src/port.c:1235:13:prvSetupMPU	16	static,ignoring_inline_asm
../Core/Src/port.c:1318:17:prvGetMPURegionSizeSetting	24	static
../Core/Src/port.c:1081:6:xPortPendSVHandler	0	static,ignoring_inline_asm
../Core/Src/port.c:1180:6:xPortSysTickHandler	24	static,ignoring_inline_asm
../Core/Src/port.c:372:10:vPortSVCHandler	0	static,ignoring_inline_asm
../Core/Src/port.c:754:13:prvRestoreContextOfFirstTask	0	static,ignoring_inline_asm
../Core/Src/port.c:431:6:vSVCHandler_C	24	static,ignoring_inline_asm
../Core/Src/port.c:1011:6:vPortEnterCritical	16	static,ignoring_inline_asm
../Core/Src/port.c:1038:6:vPortExitCritical	16	static,ignoring_inline_asm
../Core/Src/port.c:513:10:vSystemCallEnter	48	static,ignoring_inline_asm
../Core/Src/port.c:631:10:vRequestSystemCallExit	0	static,ignoring_inline_asm
../Core/Src/port.c:641:10:vSystemCallExit	40	static,ignoring_inline_asm
../Core/Src/port.c:740:12:xPortIsTaskPrivileged	16	static
../Core/Src/port.c:1207:32:vPortSetupTimerInterrupt	4	static
../Core/Src/port.c:1220:13:vPortEnableVFP	0	static,ignoring_inline_asm
../Core/Src/port.c:1342:12:xIsPrivileged	0	static,ignoring_inline_asm
../Core/Src/port.c:1359:6:vResetPrivilege	0	static,ignoring_inline_asm
../Core/Src/port.c:1372:6:vPortSwitchToUserMode	16	static
../Core/Src/port.c:1572:10:vPortValidateInterruptPriority	24	static,ignoring_inline_asm
