Archive member included to satisfy reference by file (symbol)

C:/ST/STM32CubeIDE_1.18.0/STM32CubeIDE/plugins/com.st.stm32cube.ide.mcu.externaltools.gnu-tools-for-stm32.13.3.rel1.win32_1.0.0.202411081344/tools/bin/../lib/gcc/arm-none-eabi/13.3.1/../../../../arm-none-eabi/lib/thumb/v7e-m+fp/hard\libc_nano.a(libc_a-exit.o)
                              C:/ST/STM32CubeIDE_1.18.0/STM32CubeIDE/plugins/com.st.stm32cube.ide.mcu.externaltools.gnu-tools-for-stm32.13.3.rel1.win32_1.0.0.202411081344/tools/bin/../lib/gcc/arm-none-eabi/13.3.1/../../../../arm-none-eabi/lib/thumb/v7e-m+fp/hard/crt0.o (exit)
C:/ST/STM32CubeIDE_1.18.0/STM32CubeIDE/plugins/com.st.stm32cube.ide.mcu.externaltools.gnu-tools-for-stm32.13.3.rel1.win32_1.0.0.202411081344/tools/bin/../lib/gcc/arm-none-eabi/13.3.1/../../../../arm-none-eabi/lib/thumb/v7e-m+fp/hard\libc_nano.a(libc_a-findfp.o)
                              C:/ST/STM32CubeIDE_1.18.0/STM32CubeIDE/plugins/com.st.stm32cube.ide.mcu.externaltools.gnu-tools-for-stm32.13.3.rel1.win32_1.0.0.202411081344/tools/bin/../lib/gcc/arm-none-eabi/13.3.1/../../../../arm-none-eabi/lib/thumb/v7e-m+fp/hard\libc_nano.a(libc_a-exit.o) (__stdio_exit_handler)
C:/ST/STM32CubeIDE_1.18.0/STM32CubeIDE/plugins/com.st.stm32cube.ide.mcu.externaltools.gnu-tools-for-stm32.13.3.rel1.win32_1.0.0.202411081344/tools/bin/../lib/gcc/arm-none-eabi/13.3.1/../../../../arm-none-eabi/lib/thumb/v7e-m+fp/hard\libc_nano.a(libc_a-fwalk.o)
                              C:/ST/STM32CubeIDE_1.18.0/STM32CubeIDE/plugins/com.st.stm32cube.ide.mcu.externaltools.gnu-tools-for-stm32.13.3.rel1.win32_1.0.0.202411081344/tools/bin/../lib/gcc/arm-none-eabi/13.3.1/../../../../arm-none-eabi/lib/thumb/v7e-m+fp/hard\libc_nano.a(libc_a-findfp.o) (_fwalk_sglue)
C:/ST/STM32CubeIDE_1.18.0/STM32CubeIDE/plugins/com.st.stm32cube.ide.mcu.externaltools.gnu-tools-for-stm32.13.3.rel1.win32_1.0.0.202411081344/tools/bin/../lib/gcc/arm-none-eabi/13.3.1/../../../../arm-none-eabi/lib/thumb/v7e-m+fp/hard\libc_nano.a(libc_a-stdio.o)
                              C:/ST/STM32CubeIDE_1.18.0/STM32CubeIDE/plugins/com.st.stm32cube.ide.mcu.externaltools.gnu-tools-for-stm32.13.3.rel1.win32_1.0.0.202411081344/tools/bin/../lib/gcc/arm-none-eabi/13.3.1/../../../../arm-none-eabi/lib/thumb/v7e-m+fp/hard\libc_nano.a(libc_a-findfp.o) (__sread)
C:/ST/STM32CubeIDE_1.18.0/STM32CubeIDE/plugins/com.st.stm32cube.ide.mcu.externaltools.gnu-tools-for-stm32.13.3.rel1.win32_1.0.0.202411081344/tools/bin/../lib/gcc/arm-none-eabi/13.3.1/../../../../arm-none-eabi/lib/thumb/v7e-m+fp/hard\libc_nano.a(libc_a-memset.o)
                              C:/ST/STM32CubeIDE_1.18.0/STM32CubeIDE/plugins/com.st.stm32cube.ide.mcu.externaltools.gnu-tools-for-stm32.13.3.rel1.win32_1.0.0.202411081344/tools/bin/../lib/gcc/arm-none-eabi/13.3.1/../../../../arm-none-eabi/lib/thumb/v7e-m+fp/hard/crt0.o (memset)
C:/ST/STM32CubeIDE_1.18.0/STM32CubeIDE/plugins/com.st.stm32cube.ide.mcu.externaltools.gnu-tools-for-stm32.13.3.rel1.win32_1.0.0.202411081344/tools/bin/../lib/gcc/arm-none-eabi/13.3.1/../../../../arm-none-eabi/lib/thumb/v7e-m+fp/hard\libc_nano.a(libc_a-closer.o)
                              C:/ST/STM32CubeIDE_1.18.0/STM32CubeIDE/plugins/com.st.stm32cube.ide.mcu.externaltools.gnu-tools-for-stm32.13.3.rel1.win32_1.0.0.202411081344/tools/bin/../lib/gcc/arm-none-eabi/13.3.1/../../../../arm-none-eabi/lib/thumb/v7e-m+fp/hard\libc_nano.a(libc_a-stdio.o) (_close_r)
C:/ST/STM32CubeIDE_1.18.0/STM32CubeIDE/plugins/com.st.stm32cube.ide.mcu.externaltools.gnu-tools-for-stm32.13.3.rel1.win32_1.0.0.202411081344/tools/bin/../lib/gcc/arm-none-eabi/13.3.1/../../../../arm-none-eabi/lib/thumb/v7e-m+fp/hard\libc_nano.a(libc_a-reent.o)
                              C:/ST/STM32CubeIDE_1.18.0/STM32CubeIDE/plugins/com.st.stm32cube.ide.mcu.externaltools.gnu-tools-for-stm32.13.3.rel1.win32_1.0.0.202411081344/tools/bin/../lib/gcc/arm-none-eabi/13.3.1/../../../../arm-none-eabi/lib/thumb/v7e-m+fp/hard\libc_nano.a(libc_a-closer.o) (errno)
C:/ST/STM32CubeIDE_1.18.0/STM32CubeIDE/plugins/com.st.stm32cube.ide.mcu.externaltools.gnu-tools-for-stm32.13.3.rel1.win32_1.0.0.202411081344/tools/bin/../lib/gcc/arm-none-eabi/13.3.1/../../../../arm-none-eabi/lib/thumb/v7e-m+fp/hard\libc_nano.a(libc_a-impure.o)
                              C:/ST/STM32CubeIDE_1.18.0/STM32CubeIDE/plugins/com.st.stm32cube.ide.mcu.externaltools.gnu-tools-for-stm32.13.3.rel1.win32_1.0.0.202411081344/tools/bin/../lib/gcc/arm-none-eabi/13.3.1/../../../../arm-none-eabi/lib/thumb/v7e-m+fp/hard\libc_nano.a(libc_a-reent.o) (_impure_ptr)
C:/ST/STM32CubeIDE_1.18.0/STM32CubeIDE/plugins/com.st.stm32cube.ide.mcu.externaltools.gnu-tools-for-stm32.13.3.rel1.win32_1.0.0.202411081344/tools/bin/../lib/gcc/arm-none-eabi/13.3.1/../../../../arm-none-eabi/lib/thumb/v7e-m+fp/hard\libc_nano.a(libc_a-lseekr.o)
[...]
Memory Configuration

Name             Origin             Length             Attributes
RAM              0x20000000         0x00018000         xrw
FLASH            0x08000000         0x00080000         xr
*default*        0x00000000         0xffffffff

Linker script and memory map

LOAD C:/ST/STM32CubeIDE_1.18.0/STM32CubeIDE/plugins/com.st.stm32cube.ide.mcu.externaltools.gnu-tools-for-stm32.13.3.rel1.win32_1.0.0.202411081344/tools/bin/../lib/gcc/arm-none-eabi/13.3.1/thumb/v7e-m+fp/hard/crti.o
LOAD C:/ST/STM32CubeIDE_1.18.0/STM32CubeIDE/plugins/com.st.stm32cube.ide.mcu.externaltools.gnu-tools-for-stm32.13.3.rel1.win32_1.0.0.202411081344/tools/bin/../lib/gcc/arm-none-eabi/13.3.1/thumb/v7e-m+fp/hard/crtbegin.o
LOAD C:/ST/STM32CubeIDE_1.18.0/STM32CubeIDE/plugins/com.st.stm32cube.ide.mcu.externaltools.gnu-tools-for-stm32.13.3.rel1.win32_1.0.0.202411081344/tools/bin/../lib/gcc/arm-none-eabi/13.3.1/../../../../arm-none-eabi/lib/thumb/v7e-m+fp/hard/crt0.o
LOAD ./Core/Src/main.o
LOAD ./Core/Src/stm32f4xx_hal_msp.o
LOAD ./Core/Src/stm32f4xx_it.o
LOAD ./Core/Src/syscalls.o
LOAD ./Core/Src/sysmem.o
LOAD ./Core/Src/system_stm32f4xx.o
LOAD ./Core/Startup/startup_stm32f401retx.o
LOAD ./Drivers/STM32F4xx_HAL_Driver/Src/stm32f4xx_hal.o
LOAD ./Drivers/STM32F4xx_HAL_Driver/Src/stm32f4xx_hal_cortex.o
LOAD ./Drivers/STM32F4xx_HAL_Driver/Src/stm32f4xx_hal_dma.o
LOAD ./Drivers/STM32F4xx_HAL_Driver/Src/stm32f4xx_hal_dma_ex.o
LOAD ./Drivers/STM32F4xx_HAL_Driver/Src/stm32f4xx_hal_exti.o
LOAD ./Drivers/STM32F4xx_HAL_Driver/Src/stm32f4xx_hal_flash.o
LOAD ./Drivers/STM32F4xx_HAL_Driver/Src/stm32f4xx_hal_flash_ex.o
LOAD ./Drivers/STM32F4xx_HAL_Driver/Src/stm32f4xx_hal_flash_ramfunc.o
LOAD ./Drivers/STM32F4xx_HAL_Driver/Src/stm32f4xx_hal_gpio.o
LOAD ./Drivers/STM32F4xx_HAL_Driver/Src/stm32f4xx_hal_i2c.o
LOAD ./Drivers/STM32F4xx_HAL_Driver/Src/stm32f4xx_hal_i2c_ex.o
LOAD ./Drivers/STM32F4xx_HAL_Driver/Src/stm32f4xx_hal_pwr.o
LOAD ./Drivers/STM32F4xx_HAL_Driver/Src/stm32f4xx_hal_pwr_ex.o
LOAD ./Drivers/STM32F4xx_HAL_Driver/Src/stm32f4xx_hal_rcc.o
LOAD ./Drivers/STM32F4xx_HAL_Driver/Src/stm32f4xx_hal_rcc_ex.o
LOAD ./Drivers/STM32F4xx_HAL_Driver/Src/stm32f4xx_hal_spi.o
LOAD ./Drivers/STM32F4xx_HAL_Driver/Src/stm32f4xx_hal_uart.o
LOAD ./FreeRTOS/Src/heap_4.o
LOAD ./FreeRTOS/Src/list.o
LOAD ./FreeRTOS/Src/port.o
LOAD ./FreeRTOS/Src/queue.o
LOAD ./FreeRTOS/Src/tasks.o
LOAD ./FreeRTOS/Src/timers.o
START GROUP
LOAD C:/ST/STM32CubeIDE_1.18.0/STM32CubeIDE/plugins/com.st.stm32cube.ide.mcu.externaltools.gnu-tools-for-stm32.13.3.rel1.win32_1.0.0.202411081344/tools/bin/../lib/gcc/arm-none-eabi/13.3.1/../../../../arm-none-eabi/lib/thumb/v7e-m+fp/hard\libc_nano.a
LOAD C:/ST/STM32CubeIDE_1.18.0/STM32CubeIDE/plugins/com.st.stm32cube.ide.mcu.externaltools.gnu-tools-for-stm32.13.3.rel1.win32_1.0.0.202411081344/tools/bin/../lib/gcc/arm-none-eabi/13.3.1/../../../../arm-none-eabi/lib/thumb/v7e-m+fp/hard\libm.a
END GROUP
START GROUP
LOAD C:/ST/STM32CubeIDE_1.18.0/STM32CubeIDE/plugins/com.st.stm32cube.ide.mcu.externaltools.gnu-tools-for-stm32.13.3.rel1.win32_1.0.0.202411081344/tools/bin/../lib/gcc/arm-none-eabi/13.3.1/thumb/v7e-m+fp/hard\libgcc.a
LOAD C:/ST/STM32CubeIDE_1.18.0/STM32CubeIDE/plugins/com.st.stm32cube.ide.mcu.externaltools.gnu-tools-for-stm32.13.3.rel1.win32_1.0.0.202411081344/tools/bin/../lib/gcc/arm-none-eabi/13.3.1/../../../../arm-none-eabi/lib/thumb/v7e-m+fp/hard\libc_nano.a
END GROUP
START GROUP
LOAD C:/ST/STM32CubeIDE_1.18.0/STM32CubeIDE/plugins/com.st.stm32cube.ide.mcu.externaltools.gnu-tools-for-stm32.13.3.rel1.win32_1.0.0.202411081344/tools/bin/../lib/gcc/arm-none-eabi/13.3.1/thumb/v7e-m+fp/hard\libgcc.a
LOAD C:/ST/STM32CubeIDE_1.18.0/STM32CubeIDE/plugins/com.st.stm32cube.ide.mcu.externaltools.gnu-tools-for-stm32.13.3.rel1.win32_1.0.0.202411081344/tools/bin/../lib/gcc/arm-none-eabi/13.3.1/../../../../arm-none-eabi/lib/thumb/v7e-m+fp/hard\libc_nano.a
LOAD C:/ST/STM32CubeIDE_1.18.0/STM32CubeIDE/plugins/com.st.stm32cube.ide.mcu.externaltools.gnu-tools-for-stm32.13.3.rel1.win32_1.0.0.202411081344/tools/bin/../lib/gcc/arm-none-eabi/13.3.1/../../../../arm-none-eabi/lib/thumb/v7e-m+fp/hard\libnosys.a
END GROUP
START GROUP
LOAD C:/ST/STM32CubeIDE_1.18.0/STM32CubeIDE/plugins/com.st.stm32cube.ide.mcu.externaltools.gnu-tools-for-stm32.13.3.rel1.win32_1.0.0.202411081344/tools/bin/../lib/gcc/arm-none-eabi/13.3.1/thumb/v7e-m+fp/hard\libgcc.a
LOAD C:/ST/STM32CubeIDE_1.18.0/STM32CubeIDE/plugins/com.st.stm32cube.ide.mcu.externaltools.gnu-tools-for-stm32.13.3.rel1.win32_1.0.0.202411081344/tools/bin/../lib/gcc/arm-none-eabi/13.3.1/../../../../arm-none-eabi/lib/thumb/v7e-m+fp/hard\libc_nano.a
LOAD C:/ST/STM32CubeIDE_1.18.0/STM32CubeIDE/plugins/com.st.stm32cube.ide.mcu.externaltools.gnu-tools-for-stm32.13.3.rel1.win32_1.0.0.202411081344/tools/bin/../lib/gcc/arm-none-eabi/13.3.1/../../../../arm-none-eabi/lib/thumb/v7e-m+fp/hard\libnosys.a
END GROUP
LOAD C:/ST/STM32CubeIDE_1.18.0/STM32CubeIDE/plugins/com.st.stm32cube.ide.mcu.externaltools.gnu-tools-for-stm32.13.3.rel1.win32_1.0.0.202411081344/tools/bin/../lib/gcc/arm-none-eabi/13.3.1/thumb/v7e-m+fp/hard/crtend.o
LOAD C:/ST/STM32CubeIDE_1.18.0/STM32CubeIDE/plugins/com.st.stm32cube.ide.mcu.externaltools.gnu-tools-for-stm32.13.3.rel1.win32_1.0.0.202411081344/tools/bin/../lib/gcc/arm-none-eabi/13.3.1/thumb/v7e-m+fp/hard/crtn.o
                0x20018000                        _estack = (ORIGIN (RAM) + LENGTH (RAM))
                0x00000200                        _Min_Heap_Size = 0x200
                0x00000400                        _Min_Stack_Size = 0x400

.isr_vector     0x08000000      0x194
                0x08000000                        . = ALIGN (0x4)
 *(.isr_vector)
 .isr_vector    0x08000000      0x194 ./Core/Startup/startup_stm32f401retx.o
                0x08000000                g_pfnVectors
                0x08000194                        . = ALIGN (0x4)

.text           0x080001a0     0x4464
                0x080001a0                        . = ALIGN (0x4)
 *(.text)
 .text          0x080001a0       0x40 C:/ST/STM32CubeIDE_1.18.0/STM32CubeIDE/plugins/com.st.stm32cube.ide.mcu.externaltools.gnu-tools-for-stm32.13.3.rel1.win32_1.0.0.202411081344/tools/bin/../lib/gcc/arm-none-eabi/13.3.1/thumb/v7e-m+fp/hard/crtbegin.o
 .text          0x080001e0       0x30 C:/ST/STM32CubeIDE_1.18.0/STM32CubeIDE/plugins/com.st.stm32cube.ide.mcu.externaltools.gnu-tools-for-stm32.13.3.rel1.win32_1.0.0.202411081344/tools/bin/../lib/gcc/arm-none-eabi/13.3.1/thumb/v7e-m+fp/hard\libgcc.a(_aeabi_uldivmod.o)
                0x080001e0                __aeabi_uldivmod
 .text          0x08000210      0x2f8 C:/ST/STM32CubeIDE_1.18.0/STM32CubeIDE/plugins/com.st.stm32cube.ide.mcu.externaltools.gnu-tools-for-stm32.13.3.rel1.win32_1.0.0.202411081344/tools/bin/../lib/gcc/arm-none-eabi/13.3.1/thumb/v7e-m+fp/hard\libgcc.a(_udivmoddi4.o)
                0x08000210                __udivmoddi4
 .text          0x08000508        0x4 C:/ST/STM32CubeIDE_1.18.0/STM32CubeIDE/plugins/com.st.stm32cube.ide.mcu.externaltools.gnu-tools-for-stm32.13.3.rel1.win32_1.0.0.202411081344/tools/bin/../lib/gcc/arm-none-eabi/13.3.1/thumb/v7e-m+fp/hard\libgcc.a(_dvmd_tls.o)
                0x08000508                __aeabi_idiv0
                0x08000508                __aeabi_ldiv0
 *(.text*)
 .text.main     0x0800050c       0x26 ./Core/Src/main.o
                0x0800050c                main
 *fill*         0x08000532        0x2 
 .text.SystemClock_Config
                0x08000534       0xc0 ./Core/Src/main.o
                0x08000534                SystemClock_Config
 .text.MX_I2C1_Init
                0x080005f4       0x5c ./Core/Src/main.o
 .text.MX_SPI1_Init
                0x08000650       0x6c ./Core/Src/main.o
 .text.MX_USART2_UART_Init
                0x080006bc       0x54 ./Core/Src/main.o
 .text.MX_GPIO_Init
                0x08000710       0xa0 ./Core/Src/main.o
 .text.Error_Handler
                0x080007b0        0xc ./Core/Src/main.o
                0x080007b0                Error_Handler
 .text.vApplicationGetIdleTaskMemory
                0x080007bc       0x34 ./Core/Src/main.o
                0x080007bc                vApplicationGetIdleTaskMemory
 .text.vApplicationGetTimerTaskMemory
                0x080007f0       0x34 ./Core/Src/main.o
                0x080007f0                vApplicationGetTimerTaskMemory
 .text.vApplicationStackOverflowHook
                0x08000824        0xe ./Core/Src/main.o
                0x08000824                vApplicationStackOverflowHook
 *fill*         0x08000832        0x2 
 .text.HAL_MspInit
                0x08000834       0x50 ./Core/Src/stm32f4xx_hal_msp.o
                0x08000834                HAL_MspInit
 .text.HAL_I2C_MspInit
                0x08000884       0x90 ./Core/Src/stm32f4xx_hal_msp.o
                0x08000884                HAL_I2C_MspInit
 .text.HAL_SPI_MspInit
                0x08000914       0xd0 ./Core/Src/stm32f4xx_hal_msp.o
                0x08000914                HAL_SPI_MspInit
 .text.HAL_UART_MspInit
                0x080009e4       0x90 ./Core/Src/stm32f4xx_hal_msp.o
                0x080009e4                HAL_UART_MspInit
 .text.NMI_Handler
                0x08000a74        0x8 ./Core/Src/stm32f4xx_it.o
                0x08000a74                NMI_Handler
 .text.HardFault_Handler
                0x08000a7c        0x8 ./Core/Src/stm32f4xx_it.o
                0x08000a7c                HardFault_Handler
 .text.MemManage_Handler
                0x08000a84        0x8 ./Core/Src/stm32f4xx_it.o
                0x08000a84                MemManage_Handler
 .text.BusFault_Handler
                0x08000a8c        0x8 ./Core/Src/stm32f4xx_it.o
                0x08000a8c                BusFault_Handler
 .text.UsageFault_Handler
                0x08000a94        0x8 ./Core/Src/stm32f4xx_it.o
                0x08000a94                UsageFault_Handler
 .text.SVC_Handler
                0x08000a9c        0xe ./Core/Src/stm32f4xx_it.o
                0x08000a9c                SVC_Handler
 .text.DebugMon_Handler
                0x08000aaa        0xe ./Core/Src/stm32f4xx_it.o
                0x08000aaa                DebugMon_Handler
 .text.PendSV_Handler
                0x08000ab8        0xe ./Core/Src/stm32f4xx_it.o
                0x08000ab8                PendSV_Handler
 .text.SysTick_Handler
                0x08000ac6        0xc ./Core/Src/stm32f4xx_it.o
                0x08000ac6                SysTick_Handler
 *fill*         0x08000ad2        0x2 
 .text.SystemInit
                0x08000ad4       0x24 ./Core/Src/system_stm32f4xx.o
                0x08000ad4                SystemInit
 .text.Reset_Handler
                0x08000af8       0x50 ./Core/Startup/startup_stm32f401retx.o
                0x08000af8                Reset_Handler
 .text.Default_Handler
                0x08000b48        0x2 ./Core/Startup/startup_stm32f401retx.o
                0x08000b48                RTC_Alarm_IRQHandler
                0x08000b48                EXTI2_IRQHandler
                0x08000b48                SPI4_IRQHandler
                0x08000b48                TIM1_CC_IRQHandler
                0x08000b48                DMA2_Stream5_IRQHandler
                0x08000b48                DMA1_Stream5_IRQHandler
                0x08000b48                PVD_IRQHandler
                0x08000b48                SDIO_IRQHandler
                0x08000b48                TAMP_STAMP_IRQHandler
                0x08000b48                EXTI3_IRQHandler
                0x08000b48                TIM1_UP_TIM10_IRQHandler
                0x08000b48                I2C3_ER_IRQHandler
                0x08000b48                EXTI0_IRQHandler
                0x08000b48                I2C2_EV_IRQHandler
                0x08000b48                DMA1_Stream2_IRQHandler
                0x08000b48                FPU_IRQHandler
                0x08000b48                DMA2_Stream2_IRQHandler
                0x08000b48                SPI1_IRQHandler
                0x08000b48                TIM1_BRK_TIM9_IRQHandler
                0x08000b48                DMA2_Stream3_IRQHandler
                0x08000b48                USART6_IRQHandler
                0x08000b48                DMA2_Stream0_IRQHandler
                0x08000b48                TIM4_IRQHandler
                0x08000b48                I2C1_EV_IRQHandler
                0x08000b48                DMA1_Stream6_IRQHandler
                0x08000b48                DMA1_Stream1_IRQHandler
                0x08000b48                TIM3_IRQHandler
                0x08000b48                RCC_IRQHandler
                0x08000b48                Default_Handler
                0x08000b48                EXTI15_10_IRQHandler
                0x08000b48                ADC_IRQHandler
                0x08000b48                DMA1_Stream7_IRQHandler
                0x08000b48                TIM5_IRQHandler
                0x08000b48                DMA2_Stream7_IRQHandler
                0x08000b48                I2C3_EV_IRQHandler
                0x08000b48                EXTI9_5_IRQHandler
                0x08000b48                RTC_WKUP_IRQHandler
                0x08000b48                SPI2_IRQHandler
                0x08000b48                DMA1_Stream0_IRQHandler
                0x08000b48                EXTI4_IRQHandler
                0x08000b48                WWDG_IRQHandler
                0x08000b48                TIM2_IRQHandler
                0x08000b48                OTG_FS_WKUP_IRQHandler
                0x08000b48                TIM1_TRG_COM_TIM11_IRQHandler
                0x08000b48                EXTI1_IRQHandler
                0x08000b48                USART2_IRQHandler
                0x08000b48                I2C2_ER_IRQHandler
                0x08000b48                DMA2_Stream1_IRQHandler
                0x08000b48                FLASH_IRQHandler
                0x08000b48                DMA2_Stream4_IRQHandler
                0x08000b48                USART1_IRQHandler
                0x08000b48                OTG_FS_IRQHandler
                0x08000b48                SPI3_IRQHandler
                0x08000b48                DMA1_Stream4_IRQHandler
                0x08000b48                I2C1_ER_IRQHandler
                0x08000b48                DMA2_Stream6_IRQHandler
                0x08000b48                DMA1_Stream3_IRQHandler
 *fill*         0x08000b4a        0x2 
 .text.HAL_Init
                0x08000b4c       0x44 ./Drivers/STM32F4xx_HAL_Driver/Src/stm32f4xx_hal.o
                0x08000b4c                HAL_Init
 .text.HAL_InitTick
                0x08000b90       0x60 ./Drivers/STM32F4xx_HAL_Driver/Src/stm32f4xx_hal.o
                0x08000b90                HAL_InitTick
 .text.HAL_IncTick
                0x08000bf0       0x28 ./Drivers/STM32F4xx_HAL_Driver/Src/stm32f4xx_hal.o
                0x08000bf0                HAL_IncTick
 .text.HAL_GetTick
                0x08000c18       0x18 ./Drivers/STM32F4xx_HAL_Driver/Src/stm32f4xx_hal.o
                0x08000c18                HAL_GetTick
 .text.__NVIC_SetPriorityGrouping
                0x08000c30       0x48 ./Drivers/STM32F4xx_HAL_Driver/Src/stm32f4xx_hal_cortex.o
 .text.__NVIC_GetPriorityGrouping
                0x08000c78       0x1c ./Drivers/STM32F4xx_HAL_Driver/Src/stm32f4xx_hal_cortex.o
 .text.__NVIC_SetPriority
                0x08000c94       0x54 ./Drivers/STM32F4xx_HAL_Driver/Src/stm32f4xx_hal_cortex.o
 .text.NVIC_EncodePriority
                0x08000ce8       0x66 ./Drivers/STM32F4xx_HAL_Driver/Src/stm32f4xx_hal_cortex.o
 *fill*         0x08000d4e        0x2 
 .text.SysTick_Config
                0x08000d50       0x44 ./Drivers/STM32F4xx_HAL_Driver/Src/stm32f4xx_hal_cortex.o
 .text.HAL_NVIC_SetPriorityGrouping
                0x08000d94       0x16 ./Drivers/STM32F4xx_HAL_Driver/Src/stm32f4xx_hal_cortex.o
                0x08000d94                HAL_NVIC_SetPriorityGrouping
 .text.HAL_NVIC_SetPriority
                0x08000daa       0x38 ./Drivers/STM32F4xx_HAL_Driver/Src/stm32f4xx_hal_cortex.o
                0x08000daa                HAL_NVIC_SetPriority
 .text.HAL_SYSTICK_Config
                0x08000de2       0x18 ./Drivers/STM32F4xx_HAL_Driver/Src/stm32f4xx_hal_cortex.o
                0x08000de2                HAL_SYSTICK_Config
 *fill*         0x08000dfa        0x2 
 .text.HAL_GPIO_Init
                0x08000dfc      0x308 ./Drivers/STM32F4xx_HAL_Driver/Src/stm32f4xx_hal_gpio.o
                0x08000dfc                HAL_GPIO_Init
 .text.HAL_GPIO_WritePin
                0x08001104       0x32 ./Drivers/STM32F4xx_HAL_Driver/Src/stm32f4xx_hal_gpio.o
                0x08001104                HAL_GPIO_WritePin
 *fill*         0x08001136        0x2 
 .text.HAL_I2C_Init
                0x08001138      0x288 ./Drivers/STM32F4xx_HAL_Driver/Src/stm32f4xx_hal_i2c.o
                0x08001138                HAL_I2C_Init
 .text.HAL_RCC_OscConfig
                0x080013c0      0x4f0 ./Drivers/STM32F4xx_HAL_Driver/Src/stm32f4xx_hal_rcc.o
                0x080013c0                HAL_RCC_OscConfig
 .text.HAL_RCC_ClockConfig
                0x080018b0      0x1cc ./Drivers/STM32F4xx_HAL_Driver/Src/stm32f4xx_hal_rcc.o
                0x080018b0                HAL_RCC_ClockConfig
 .text.HAL_RCC_GetSysClockFreq
                0x08001a7c      0x18c ./Drivers/STM32F4xx_HAL_Driver/Src/stm32f4xx_hal_rcc.o
                0x08001a7c                HAL_RCC_GetSysClockFreq
 .text.HAL_RCC_GetHCLKFreq
                0x08001c08       0x18 ./Drivers/STM32F4xx_HAL_Driver/Src/stm32f4xx_hal_rcc.o
                0x08001c08                HAL_RCC_GetHCLKFreq
 .text.HAL_RCC_GetPCLK1Freq
                0x08001c20       0x28 ./Drivers/STM32F4xx_HAL_Driver/Src/stm32f4xx_hal_rcc.o
                0x08001c20                HAL_RCC_GetPCLK1Freq
 .text.HAL_RCC_GetPCLK2Freq
                0x08001c48       0x28 ./Drivers/STM32F4xx_HAL_Driver/Src/stm32f4xx_hal_rcc.o
                0x08001c48                HAL_RCC_GetPCLK2Freq
 .text.HAL_SPI_Init
                0x08001c70      0x112 ./Drivers/STM32F4xx_HAL_Driver/Src/stm32f4xx_hal_spi.o
                0x08001c70                HAL_SPI_Init
 .text.HAL_UART_Init
                0x08001d82       0xa0 ./Drivers/STM32F4xx_HAL_Driver/Src/stm32f4xx_hal_uart.o
                0x08001d82                HAL_UART_Init
 *fill*         0x08001e22        0x2 
 .text.UART_SetConfig
                0x08001e24      0x4e8 ./Drivers/STM32F4xx_HAL_Driver/Src/stm32f4xx_hal_uart.o
 .text.vPortFree
                0x0800230c      0x10c ./FreeRTOS/Src/heap_4.o
                0x0800230c                vPortFree
 .text.prvInsertBlockIntoFreeList
                0x08002418       0xf4 ./FreeRTOS/Src/heap_4.o
 .text.vListInitialise
                0x0800250c       0x40 ./FreeRTOS/Src/list.o
                0x0800250c                vListInitialise
 .text.vListInitialiseItem
                0x0800254c       0x1a ./FreeRTOS/Src/list.o
                0x0800254c                vListInitialiseItem
 .text.vListInsert
                0x08002566       0x72 ./FreeRTOS/Src/list.o
                0x08002566                vListInsert
 .text.uxListRemove
                0x080025d8       0x54 ./FreeRTOS/Src/list.o
                0x080025d8                uxListRemove
 .text.pxPortInitialiseStack
                0x0800262c       0x68 ./FreeRTOS/Src/port.o
                0x0800262c                pxPortInitialiseStack
 .text.prvTaskExitError
                0x08002694       0x5c ./FreeRTOS/Src/port.o
 .text.vPortSVCHandler
                0x080026f0       0x28 ./FreeRTOS/Src/port.o
                0x080026f0                vPortSVCHandler
 .text.prvPortStartFirstTask
                0x08002718       0x2c ./FreeRTOS/Src/port.o
 .text.xPortStartScheduler
                0x08002744      0x1b8 ./FreeRTOS/Src/port.o
                0x08002744                xPortStartScheduler
 .text.vPortEnterCritical
                0x080028fc       0x64 ./FreeRTOS/Src/port.o
                0x080028fc                vPortEnterCritical
 .text.vPortExitCritical
                0x08002960       0x54 ./FreeRTOS/Src/port.o
                0x08002960                vPortExitCritical
 *fill*         0x080029b4        0xc 
 .text.xPortPendSVHandler
                0x080029c0       0x68 ./FreeRTOS/Src/port.o
                0x080029c0                xPortPendSVHandler
 .text.vPortSetupTimerInterrupt
                0x08002a28       0x38 ./FreeRTOS/Src/port.o
                0x08002a28                vPortSetupTimerInterrupt
 .text.vPortEnableVFP
                0x08002a60       0x18 ./FreeRTOS/Src/port.o
 .text.xQueueGenericReset
                0x08002a78      0x124 ./FreeRTOS/Src/queue.o
                0x08002a78                xQueueGenericReset
 .text.xQueueGenericCreateStatic
                0x08002b9c       0xc2 ./FreeRTOS/Src/queue.o
                0x08002b9c                xQueueGenericCreateStatic
 .text.prvInitialiseNewQueue
                0x08002c5e       0x3e ./FreeRTOS/Src/queue.o
 .text.xQueueReceive
                0x08002c9c      0x1c4 ./FreeRTOS/Src/queue.o
                0x08002c9c                xQueueReceive
 .text.prvCopyDataFromQueue
                0x08002e60       0x4c ./FreeRTOS/Src/queue.o
 .text.prvUnlockQueue
                0x08002eac       0xa4 ./FreeRTOS/Src/queue.o
 .text.prvIsQueueEmpty
                0x08002f50       0x2c ./FreeRTOS/Src/queue.o
 .text.vQueueWaitForMessageRestricted
                0x08002f7c       0x68 ./FreeRTOS/Src/queue.o
                0x08002f7c                vQueueWaitForMessageRestricted
 .text.prvCreateStaticTask
                0x08002fe4       0xc2 ./FreeRTOS/Src/tasks.o
 .text.xTaskCreateStatic
                0x080030a6       0x48 ./FreeRTOS/Src/tasks.o
                0x080030a6                xTaskCreateStatic
 .text.prvInitialiseNewTask
                0x080030ee      0x110 ./FreeRTOS/Src/tasks.o
 *fill*         0x080031fe        0x2 
 .text.prvAddNewTaskToReadyList
                0x08003200      0x12c ./FreeRTOS/Src/tasks.o
 .text.prvCreateIdleTasks
                0x0800332c       0xd0 ./FreeRTOS/Src/tasks.o
 .text.vTaskStartScheduler
                0x080033fc       0x88 ./FreeRTOS/Src/tasks.o
                0x080033fc                vTaskStartScheduler
 .text.vTaskSuspendAll
                0x08003484       0x1c ./FreeRTOS/Src/tasks.o
                0x08003484                vTaskSuspendAll
 .text.xTaskResumeAll
                0x080034a0      0x214 ./FreeRTOS/Src/tasks.o
                0x080034a0                xTaskResumeAll
 .text.xTaskGetTickCount
                0x080036b4       0x20 ./FreeRTOS/Src/tasks.o
                0x080036b4                xTaskGetTickCount
 .text.xTaskIncrementTick
                0x080036d4      0x218 ./FreeRTOS/Src/tasks.o
                0x080036d4                xTaskIncrementTick
 .text.vTaskSwitchContext
                0x080038ec       0xe0 ./FreeRTOS/Src/tasks.o
                0x080038ec                vTaskSwitchContext
 .text.vTaskPlaceOnEventList
                0x080039cc       0x4c ./FreeRTOS/Src/tasks.o
                0x080039cc                vTaskPlaceOnEventList
 .text.vTaskPlaceOnEventListRestricted
                0x08003a18       0x8c ./FreeRTOS/Src/tasks.o
                0x08003a18                vTaskPlaceOnEventListRestricted
 .text.xTaskRemoveFromEventList
                0x08003aa4      0x1b4 ./FreeRTOS/Src/tasks.o
                0x08003aa4                xTaskRemoveFromEventList
 .text.vTaskInternalSetTimeOutState
                0x08003c58       0x2c ./FreeRTOS/Src/tasks.o
                0x08003c58                vTaskInternalSetTimeOutState
 .text.xTaskCheckForTimeOut
                0x08003c84       0xd0 ./FreeRTOS/Src/tasks.o
                0x08003c84                xTaskCheckForTimeOut
 .text.vTaskMissedYield
                0x08003d54       0x18 ./FreeRTOS/Src/tasks.o
                0x08003d54                vTaskMissedYield
 .text.prvIdleTask
                0x08003d6c       0x30 ./FreeRTOS/Src/tasks.o
 .text.prvInitialiseTaskLists
                0x08003d9c       0x80 ./FreeRTOS/Src/tasks.o
 .text.prvCheckTasksWaitingTermination
                0x08003e1c       0x5c ./FreeRTOS/Src/tasks.o
 .text.prvDeleteTCB
                0x08003e78       0x60 ./FreeRTOS/Src/tasks.o
 .text.prvResetNextTaskUnblockTime
                0x08003ed8       0x38 ./FreeRTOS/Src/tasks.o
 .text.xTaskGetSchedulerState
                0x08003f10       0x3c ./FreeRTOS/Src/tasks.o
                0x08003f10                xTaskGetSchedulerState
 .text.prvAddCurrentTaskToDelayedList
                0x08003f4c       0xe0 ./FreeRTOS/Src/tasks.o
 .text.xTimerCreateTimerTask
                0x0800402c       0x94 ./FreeRTOS/Src/timers.o
                0x0800402c                xTimerCreateTimerTask
 .text.prvReloadTimer
                0x080040c0       0x42 ./FreeRTOS/Src/timers.o
 *fill*         0x08004102        0x2 
 .text.prvProcessExpiredTimer
                0x08004104       0x60 ./FreeRTOS/Src/timers.o
 .text.prvTimerTask
                0x08004164       0x26 ./FreeRTOS/Src/timers.o
 *fill*         0x0800418a        0x2 
 .text.prvProcessTimerOrBlockTask
                0x0800418c       0x9c ./FreeRTOS/Src/timers.o
 .text.prvGetNextExpireTime
                0x08004228       0x48 ./FreeRTOS/Src/timers.o
 .text.prvSampleTimeNow
                0x08004270       0x40 ./FreeRTOS/Src/timers.o
 .text.prvInsertTimerInActiveList
                0x080042b0       0x84 ./FreeRTOS/Src/timers.o
 .text.prvProcessReceivedCommands
                0x08004334      0x190 ./FreeRTOS/Src/timers.o
 .text.prvSwitchTimerLists
                0x080044c4       0x4c ./FreeRTOS/Src/timers.o
 .text.prvCheckForValidListAndQueue
                0x08004510       0x68 ./FreeRTOS/Src/timers.o
 .text.memset   0x08004578       0x10 C:/ST/STM32CubeIDE_1.18.0/STM32CubeIDE/plugins/com.st.stm32cube.ide.mcu.externaltools.gnu-tools-for-stm32.13.3.rel1.win32_1.0.0.202411081344/tools/bin/../lib/gcc/arm-none-eabi/13.3.1/../../../../arm-none-eabi/lib/thumb/v7e-m+fp/hard\libc_nano.a(libc_a-memset.o)
                0x08004578                memset
 .text.__libc_init_array
                0x08004588       0x48 C:/ST/STM32CubeIDE_1.18.0/STM32CubeIDE/plugins/com.st.stm32cube.ide.mcu.externaltools.gnu-tools-for-stm32.13.3.rel1.win32_1.0.0.202411081344/tools/bin/../lib/gcc/arm-none-eabi/13.3.1/../../../../arm-none-eabi/lib/thumb/v7e-m+fp/hard\libc_nano.a(libc_a-init.o)
                0x08004588                __libc_init_array
 .text.memcpy   0x080045d0       0x1c C:/ST/STM32CubeIDE_1.18.0/STM32CubeIDE/plugins/com.st.stm32cube.ide.mcu.externaltools.gnu-tools-for-stm32.13.3.rel1.win32_1.0.0.202411081344/tools/bin/../lib/gcc/arm-none-eabi/13.3.1/../../../../arm-none-eabi/lib/thumb/v7e-m+fp/hard\libc_nano.a(libc_a-memcpy-stub.o)
                0x080045d0                memcpy
 *(.glue_7)
 .glue_7        0x080045ec        0x0 linker stubs
 *(.glue_7t)
 .glue_7t       0x080045ec        0x0 linker stubs
 *(.eh_frame)
 .eh_frame      0x080045ec        0x0 C:/ST/STM32CubeIDE_1.18.0/STM32CubeIDE/plugins/com.st.stm32cube.ide.mcu.externaltools.gnu-tools-for-stm32.13.3.rel1.win32_1.0.0.202411081344/tools/bin/../lib/gcc/arm-none-eabi/13.3.1/thumb/v7e-m+fp/hard/crtbegin.o
 *(.init)
 .init          0x080045ec        0x4 C:/ST/STM32CubeIDE_1.18.0/STM32CubeIDE/plugins/com.st.stm32cube.ide.mcu.externaltools.gnu-tools-for-stm32.13.3.rel1.win32_1.0.0.202411081344/tools/bin/../lib/gcc/arm-none-eabi/13.3.1/thumb/v7e-m+fp/hard/crti.o
                0x080045ec                _init
 .init          0x080045f0        0x8 C:/ST/STM32CubeIDE_1.18.0/STM32CubeIDE/plugins/com.st.stm32cube.ide.mcu.externaltools.gnu-tools-for-stm32.13.3.rel1.win32_1.0.0.202411081344/tools/bin/../lib/gcc/arm-none-eabi/13.3.1/thumb/v7e-m+fp/hard/crtn.o
 *(.fini)
 .fini          0x080045f8        0x4 C:/ST/STM32CubeIDE_1.18.0/STM32CubeIDE/plugins/com.st.stm32cube.ide.mcu.externaltools.gnu-tools-for-stm32.13.3.rel1.win32_1.0.0.202411081344/tools/bin/../lib/gcc/arm-none-eabi/13.3.1/thumb/v7e-m+fp/hard/crti.o
                0x080045f8                _fini
 .fini          0x080045fc        0x8 C:/ST/STM32CubeIDE_1.18.0/STM32CubeIDE/plugins/com.st.stm32cube.ide.mcu.externaltools.gnu-tools-for-stm32.13.3.rel1.win32_1.0.0.202411081344/tools/bin/../lib/gcc/arm-none-eabi/13.3.1/thumb/v7e-m+fp/hard/crtn.o
                0x08004604                        . = ALIGN (0x4)
                0x08004604                        _etext = .

.vfp11_veneer   0x08004604        0x0
 .vfp11_veneer  0x08004604        0x0 linker stubs

.v4_bx          0x08004604        0x0
 .v4_bx         0x08004604        0x0 linker stubs

.iplt           0x08004604        0x0
 .iplt          0x08004604        0x0 C:/ST/STM32CubeIDE_1.18.0/STM32CubeIDE/plugins/com.st.stm32cube.ide.mcu.externaltools.gnu-tools-for-stm32.13.3.rel1.win32_1.0.0.202411081344/tools/bin/../lib/gcc/arm-none-eabi/13.3.1/thumb/v7e-m+fp/hard/crtbegin.o

.rodata         0x08004604       0x2c
                0x08004604                        . = ALIGN (0x4)
 *(.rodata)
 .rodata        0x08004604        0x5 ./FreeRTOS/Src/tasks.o
 *fill*         0x08004609        0x3 
 .rodata        0x0800460c        0x8 ./FreeRTOS/Src/timers.o
 *(.rodata*)
 .rodata.AHBPrescTable
                0x08004614       0x10 ./Core/Src/system_stm32f4xx.o
                0x08004614                AHBPrescTable
 .rodata.APBPrescTable
                0x08004624        0x8 ./Core/Src/system_stm32f4xx.o
                0x08004624                APBPrescTable
 .rodata.uxTopUsedPriority
                0x0800462c        0x4 ./FreeRTOS/Src/tasks.o
                0x08004630                        . = ALIGN (0x4)

.ARM.extab      0x08004630        0x0
                0x08004630                        . = ALIGN (0x4)
 *(.ARM.extab* .gnu.linkonce.armextab.*)
                0x08004630                        . = ALIGN (0x4)

.ARM            0x08004630        0x8
                0x08004630                        . = ALIGN (0x4)
                0x08004630                        __exidx_start = .
 *(.ARM.exidx*)
 .ARM.exidx     0x08004630        0x8 C:/ST/STM32CubeIDE_1.18.0/STM32CubeIDE/plugins/com.st.stm32cube.ide.mcu.externaltools.gnu-tools-for-stm32.13.3.rel1.win32_1.0.0.202411081344/tools/bin/../lib/gcc/arm-none-eabi/13.3.1/thumb/v7e-m+fp/hard\libgcc.a(_udivmoddi4.o)
                0x08004638                        __exidx_end = .
                0x08004638                        . = ALIGN (0x4)

.preinit_array  0x08004638        0x0
                0x08004638                        . = ALIGN (0x4)
                0x08004638                        PROVIDE (__preinit_array_start = .)
 *(.preinit_array*)
                0x08004638                        PROVIDE (__preinit_array_end = .)
                0x08004638                        . = ALIGN (0x4)

.init_array     0x08004638        0x4
                0x08004638                        . = ALIGN (0x4)
                0x08004638                        PROVIDE (__init_array_start = .)
 *(SORT_BY_NAME(.init_array.*))
 *(.init_array*)
 .init_array    0x08004638        0x4 C:/ST/STM32CubeIDE_1.18.0/STM32CubeIDE/plugins/com.st.stm32cube.ide.mcu.externaltools.gnu-tools-for-stm32.13.3.rel1.win32_1.0.0.202411081344/tools/bin/../lib/gcc/arm-none-eabi/13.3.1/thumb/v7e-m+fp/hard/crtbegin.o
                0x0800463c                        PROVIDE (__init_array_end = .)
                0x0800463c                        . = ALIGN (0x4)

.fini_array     0x0800463c        0x4
                0x0800463c                        . = ALIGN (0x4)
                [!provide]                        PROVIDE (__fini_array_start = .)
 *(SORT_BY_NAME(.fini_array.*))
 *(.fini_array*)
 .fini_array    0x0800463c        0x4 C:/ST/STM32CubeIDE_1.18.0/STM32CubeIDE/plugins/com.st.stm32cube.ide.mcu.externaltools.gnu-tools-for-stm32.13.3.rel1.win32_1.0.0.202411081344/tools/bin/../lib/gcc/arm-none-eabi/13.3.1/thumb/v7e-m+fp/hard/crtbegin.o
                [!provide]                        PROVIDE (__fini_array_end = .)
                0x08004640                        . = ALIGN (0x4)
                0x08004640                        _sidata = LOADADDR (.data)

.rel.dyn        0x08004640        0x0
 .rel.iplt      0x08004640        0x0 C:/ST/STM32CubeIDE_1.18.0/STM32CubeIDE/plugins/com.st.stm32cube.ide.mcu.externaltools.gnu-tools-for-stm32.13.3.rel1.win32_1.0.0.202411081344/tools/bin/../lib/gcc/arm-none-eabi/13.3.1/thumb/v7e-m+fp/hard/crtbegin.o

.data           0x20000000       0x10 load address 0x08004640
                0x20000000                        . = ALIGN (0x4)
                0x20000000                        _sdata = .
 *(.data)
 *(.data*)
 .data.SystemCoreClock
                0x20000000        0x4 ./Core/Src/system_stm32f4xx.o
                0x20000000                SystemCoreClock
 .data.uwTickPrio
                0x20000004        0x4 ./Drivers/STM32F4xx_HAL_Driver/Src/stm32f4xx_hal.o
                0x20000004                uwTickPrio
 .data.uwTickFreq
                0x20000008        0x1 ./Drivers/STM32F4xx_HAL_Driver/Src/stm32f4xx_hal.o
                0x20000008                uwTickFreq
 *fill*         0x20000009        0x3 
 .data.uxCriticalNesting
                0x2000000c        0x4 ./FreeRTOS/Src/port.o
 *(.RamFunc)
 *(.RamFunc*)
                0x20000010                        . = ALIGN (0x4)
                0x20000010                        _edata = .

.igot.plt       0x20000010        0x0 load address 0x08004650
 .igot.plt      0x20000010        0x0 C:/ST/STM32CubeIDE_1.18.0/STM32CubeIDE/plugins/com.st.stm32cube.ide.mcu.externaltools.gnu-tools-for-stm32.13.3.rel1.win32_1.0.0.202411081344/tools/bin/../lib/gcc/arm-none-eabi/13.3.1/thumb/v7e-m+fp/hard/crtbegin.o
                0x20000010                        . = ALIGN (0x4)

.bss            0x20000010     0x17d8 load address 0x08004650
                0x20000010                        _sbss = .
                0x20000010                        __bss_start__ = _sbss
 *(.bss)
 .bss           0x20000010       0x1c C:/ST/STM32CubeIDE_1.18.0/STM32CubeIDE/plugins/com.st.stm32cube.ide.mcu.externaltools.gnu-tools-for-stm32.13.3.rel1.win32_1.0.0.202411081344/tools/bin/../lib/gcc/arm-none-eabi/13.3.1/thumb/v7e-m+fp/hard/crtbegin.o
 *(.bss*)
 .bss.hi2c1     0x2000002c       0x54 ./Core/Src/main.o
                0x2000002c                hi2c1
 .bss.hspi1     0x20000080       0x58 ./Core/Src/main.o
                0x20000080                hspi1
 .bss.huart2    0x200000d8       0x48 ./Core/Src/main.o
                0x200000d8                huart2
 .bss.xIdleTaskTCB.3
                0x20000120       0x54 ./Core/Src/main.o
 .bss.uxIdleTaskStack.2
                0x20000174      0x200 ./Core/Src/main.o
 .bss.xTimerTaskTCB.1
                0x20000374       0x54 ./Core/Src/main.o
 .bss.uxTimerTaskStack.0
                0x200003c8      0x200 ./Core/Src/main.o
 .bss.uwTick    0x200005c8        0x4 ./Drivers/STM32F4xx_HAL_Driver/Src/stm32f4xx_hal.o
                0x200005c8                uwTick
 .bss.ucHeap    0x200005cc     0x1000 ./FreeRTOS/Src/heap_4.o
 .bss.xStart    0x200015cc        0x8 ./FreeRTOS/Src/heap_4.o
 .bss.pxEnd     0x200015d4        0x4 ./FreeRTOS/Src/heap_4.o
 .bss.xFreeBytesRemaining
                0x200015d8        0x4 ./FreeRTOS/Src/heap_4.o
 .bss.xNumberOfSuccessfulFrees
                0x200015dc        0x4 ./FreeRTOS/Src/heap_4.o
 .bss.ucMaxSysCallPriority
                0x200015e0        0x1 ./FreeRTOS/Src/port.o
 *fill*         0x200015e1        0x3 
 .bss.ulMaxPRIGROUPValue
                0x200015e4        0x4 ./FreeRTOS/Src/port.o
 .bss.pxCurrentTCB
                0x200015e8        0x4 ./FreeRTOS/Src/tasks.o
                0x200015e8                pxCurrentTCB
 .bss.pxReadyTasksLists
                0x200015ec       0x64 ./FreeRTOS/Src/tasks.o
 .bss.xDelayedTaskList1
                0x20001650       0x14 ./FreeRTOS/Src/tasks.o
 .bss.xDelayedTaskList2
                0x20001664       0x14 ./FreeRTOS/Src/tasks.o
 .bss.pxDelayedTaskList
                0x20001678        0x4 ./FreeRTOS/Src/tasks.o
 .bss.pxOverflowDelayedTaskList
                0x2000167c        0x4 ./FreeRTOS/Src/tasks.o
 .bss.xPendingReadyList
                0x20001680       0x14 ./FreeRTOS/Src/tasks.o
 .bss.xTasksWaitingTermination
                0x20001694       0x14 ./FreeRTOS/Src/tasks.o
 .bss.uxDeletedTasksWaitingCleanUp
                0x200016a8        0x4 ./FreeRTOS/Src/tasks.o
 .bss.xSuspendedTaskList
                0x200016ac       0x14 ./FreeRTOS/Src/tasks.o
 .bss.uxCurrentNumberOfTasks
                0x200016c0        0x4 ./FreeRTOS/Src/tasks.o
 .bss.xTickCount
                0x200016c4        0x4 ./FreeRTOS/Src/tasks.o
 .bss.uxTopReadyPriority
                0x200016c8        0x4 ./FreeRTOS/Src/tasks.o
 .bss.xSchedulerRunning
                0x200016cc        0x4 ./FreeRTOS/Src/tasks.o
 .bss.xPendedTicks
                0x200016d0        0x4 ./FreeRTOS/Src/tasks.o
 .bss.xYieldPendings
                0x200016d4        0x4 ./FreeRTOS/Src/tasks.o
 .bss.xNumOfOverflows
                0x200016d8        0x4 ./FreeRTOS/Src/tasks.o
 .bss.uxTaskNumber
                0x200016dc        0x4 ./FreeRTOS/Src/tasks.o
 .bss.xNextTaskUnblockTime
                0x200016e0        0x4 ./FreeRTOS/Src/tasks.o
 .bss.xIdleTaskHandles
                0x200016e4        0x4 ./FreeRTOS/Src/tasks.o
 .bss.uxSchedulerSuspended
                0x200016e8        0x4 ./FreeRTOS/Src/tasks.o
 .bss.xActiveTimerList1
                0x200016ec       0x14 ./FreeRTOS/Src/timers.o
 .bss.xActiveTimerList2
                0x20001700       0x14 ./FreeRTOS/Src/timers.o
 .bss.pxCurrentTimerList
                0x20001714        0x4 ./FreeRTOS/Src/timers.o
 .bss.pxOverflowTimerList
                0x20001718        0x4 ./FreeRTOS/Src/timers.o
 .bss.xTimerQueue
                0x2000171c        0x4 ./FreeRTOS/Src/timers.o
 .bss.xTimerTaskHandle
                0x20001720        0x4 ./FreeRTOS/Src/timers.o
 .bss.xLastTime.2
                0x20001724        0x4 ./FreeRTOS/Src/timers.o
 .bss.ucStaticTimerQueueStorage.1
                0x20001728       0x78 ./FreeRTOS/Src/timers.o
 .bss.xStaticTimerQueue.0
                0x200017a0       0x48 ./FreeRTOS/Src/timers.o
 *(COMMON)
                0x200017e8                        . = ALIGN (0x4)
                0x200017e8                        _ebss = .
                0x200017e8                        __bss_end__ = _ebss

._user_heap_stack
                0x200017e8      0x600 load address 0x08004650
                0x200017e8                        . = ALIGN (0x8)
                [!provide]                        PROVIDE (end = .)
                0x200017e8                        PROVIDE (_end = .)
                0x200019e8                        . = (. + _Min_Heap_Size)
 *fill*         0x200017e8      0x200 
                0x20001de8                        . = (. + _Min_Stack_Size)
 *fill*         0x200019e8      0x400 
                0x20001de8                        . = ALIGN (0x8)

/DISCARD/
 libc.a(*)
 libm.a(*)
 libgcc.a(*)

.ARM.attributes
                0x00000000       0x30
 *(.ARM.attributes)
 .ARM.attributes
                0x00000000       0x22 C:/ST/STM32CubeIDE_1.18.0/STM32CubeIDE/plugins/com.st.stm32cube.ide.mcu.externaltools.gnu-tools-for-stm32.13.3.rel1.win32_1.0.0.202411081344/tools/bin/../lib/gcc/arm-none-eabi/13.3.1/thumb/v7e-m+fp/hard/crti.o
 .ARM.attributes
                0x00000022       0x34 C:/ST/STM32CubeIDE_1.18.0/STM32CubeIDE/plugins/com.st.stm32cube.ide.mcu.externaltools.gnu-tools-for-stm32.13.3.rel1.win32_1.0.0.202411081344/tools/bin/../lib/gcc/arm-none-eabi/13.3.1/thumb/v7e-m+fp/hard/crtbegin.o
 .ARM.attributes
                0x00000056       0x34 ./Core/Src/main.o
 .ARM.attributes
                0x0000008a       0x34 ./Core/Src/stm32f4xx_hal_msp.o
 .ARM.attributes
                0x000000be       0x34 ./Core/Src/stm32f4xx_it.o
 .ARM.attributes
                0x000000f2       0x34 ./Core/Src/system_stm32f4xx.o
 .ARM.attributes
                0x00000126       0x21 ./Core/Startup/startup_stm32f401retx.o
 .ARM.attributes
                0x00000147       0x34 ./Drivers/STM32F4xx_HAL_Driver/Src/stm32f4xx_hal.o
 .ARM.attributes
                0x0000017b       0x34 ./Drivers/STM32F4xx_HAL_Driver/Src/stm32f4xx_hal_cortex.o
 .ARM.attributes
                0x000001af       0x34 ./Drivers/STM32F4xx_HAL_Driver/Src/stm32f4xx_hal_gpio.o
 .ARM.attributes
                0x000001e3       0x34 ./Drivers/STM32F4xx_HAL_Driver/Src/stm32f4xx_hal_i2c.o
 .ARM.attributes
                0x00000217       0x34 ./Drivers/STM32F4xx_HAL_Driver/Src/stm32f4xx_hal_rcc.o
 .ARM.attributes
                0x0000024b       0x34 ./Drivers/STM32F4xx_HAL_Driver/Src/stm32f4xx_hal_spi.o
 .ARM.attributes
                0x0000027f       0x34 ./Drivers/STM32F4xx_HAL_Driver/Src/stm32f4xx_hal_uart.o
 .ARM.attributes
                0x000002b3       0x34 ./FreeRTOS/Src/heap_4.o
 .ARM.attributes
                0x000002e7       0x34 ./FreeRTOS/Src/list.o
 .ARM.attributes
                0x0000031b       0x34 ./FreeRTOS/Src/port.o
 .ARM.attributes
                0x0000034f       0x34 ./FreeRTOS/Src/queue.o
 .ARM.attributes
                0x00000383       0x34 ./FreeRTOS/Src/tasks.o
 .ARM.attributes
                0x000003b7       0x34 ./FreeRTOS/Src/timers.o
 .ARM.attributes
                0x000003eb       0x34 C:/ST/STM32CubeIDE_1.18.0/STM32CubeIDE/plugins/com.st.stm32cube.ide.mcu.externaltools.gnu-tools-for-stm32.13.3.rel1.win32_1.0.0.202411081344/tools/bin/../lib/gcc/arm-none-eabi/13.3.1/../../../../arm-none-eabi/lib/thumb/v7e-m+fp/hard\libc_nano.a(libc_a-memset.o)
 .ARM.attributes
                0x0000041f       0x34 C:/ST/STM32CubeIDE_1.18.0/STM32CubeIDE/plugins/com.st.stm32cube.ide.mcu.externaltools.gnu-tools-for-stm32.13.3.rel1.win32_1.0.0.202411081344/tools/bin/../lib/gcc/arm-none-eabi/13.3.1/../../../../arm-none-eabi/lib/thumb/v7e-m+fp/hard\libc_nano.a(libc_a-init.o)
 .ARM.attributes
                0x00000453       0x34 C:/ST/STM32CubeIDE_1.18.0/STM32CubeIDE/plugins/com.st.stm32cube.ide.mcu.externaltools.gnu-tools-for-stm32.13.3.rel1.win32_1.0.0.202411081344/tools/bin/../lib/gcc/arm-none-eabi/13.3.1/../../../../arm-none-eabi/lib/thumb/v7e-m+fp/hard\libc_nano.a(libc_a-memcpy-stub.o)
 .ARM.attributes
                0x00000487       0x22 C:/ST/STM32CubeIDE_1.18.0/STM32CubeIDE/plugins/com.st.stm32cube.ide.mcu.externaltools.gnu-tools-for-stm32.13.3.rel1.win32_1.0.0.202411081344/tools/bin/../lib/gcc/arm-none-eabi/13.3.1/thumb/v7e-m+fp/hard\libgcc.a(_aeabi_uldivmod.o)
 .ARM.attributes
                0x000004a9       0x34 C:/ST/STM32CubeIDE_1.18.0/STM32CubeIDE/plugins/com.st.stm32cube.ide.mcu.externaltools.gnu-tools-for-stm32.13.3.rel1.win32_1.0.0.202411081344/tools/bin/../lib/gcc/arm-none-eabi/13.3.1/thumb/v7e-m+fp/hard\libgcc.a(_udivmoddi4.o)
 .ARM.attributes
                0x000004dd       0x22 C:/ST/STM32CubeIDE_1.18.0/STM32CubeIDE/plugins/com.st.stm32cube.ide.mcu.externaltools.gnu-tools-for-stm32.13.3.rel1.win32_1.0.0.202411081344/tools/bin/../lib/gcc/arm-none-eabi/13.3.1/thumb/v7e-m+fp/hard\libgcc.a(_dvmd_tls.o)
 .ARM.attributes
                0x000004ff       0x22 C:/ST/STM32CubeIDE_1.18.0/STM32CubeIDE/plugins/com.st.stm32cube.ide.mcu.externaltools.gnu-tools-for-stm32.13.3.rel1.win32_1.0.0.202411081344/tools/bin/../lib/gcc/arm-none-eabi/13.3.1/thumb/v7e-m+fp/hard/crtn.o
OUTPUT(smart_home.elf elf32-littlearm)
LOAD linker stubs
LOAD C:/ST/STM32CubeIDE_1.18.0/STM32CubeIDE/plugins/com.st.stm32cube.ide.mcu.externaltools.gnu-tools-for-stm32.13.3.rel1.win32_1.0.0.202411081344/tools/bin/../lib/gcc/arm-none-eabi/13.3.1/../../../../arm-none-eabi/lib/thumb/v7e-m+fp/hard\libc.a
LOAD C:/ST/STM32CubeIDE_1.18.0/STM32CubeIDE/plugins/com.st.stm32cube.ide.mcu.externaltools.gnu-tools-for-stm32.13.3.rel1.win32_1.0.0.202411081344/tools/bin/../lib/gcc/arm-none-eabi/13.3.1/../../../../arm-none-eabi/lib/thumb/v7e-m+fp/hard\libm.a
LOAD C:/ST/STM32CubeIDE_1.18.0/STM32CubeIDE/plugins/com.st.stm32cube.ide.mcu.externaltools.gnu-tools-for-stm32.13.3.rel1.win32_1.0.0.202411081344/tools/bin/../lib/gcc/arm-none-eabi/13.3.1/thumb/v7e-m+fp/hard\libgcc.a

.debug_info     0x00000000    0x11b20
 .debug_info    0x00000000     0x1400 ./Core/Src/main.o
 .debug_info    0x00001400      0xf4d ./Core/Src/stm32f4xx_hal_msp.o
 .debug_info    0x0000234d      0x112 ./Core/Src/stm32f4xx_it.o
 .debug_info    0x0000245f      0x53e ./Core/Src/system_stm32f4xx.o
 .debug_info    0x0000299d       0x30 ./Core/Startup/startup_stm32f401retx.o
 .debug_info    0x000029cd      0x8bb ./Drivers/STM32F4xx_HAL_Driver/Src/stm32f4xx_hal.o
 .debug_info    0x00003288      0xcf6 ./Drivers/STM32F4xx_HAL_Driver/Src/stm32f4xx_hal_cortex.o
 .debug_info    0x00003f7e      0x6f9 ./Drivers/STM32F4xx_HAL_Driver/Src/stm32f4xx_hal_gpio.o
 .debug_info    0x00004677     0x2426 ./Drivers/STM32F4xx_HAL_Driver/Src/stm32f4xx_hal_i2c.o
 .debug_info    0x00006a9d      0x8f1 ./Drivers/STM32F4xx_HAL_Driver/Src/stm32f4xx_hal_rcc.o
 .debug_info    0x0000738e     0x1530 ./Drivers/STM32F4xx_HAL_Driver/Src/stm32f4xx_hal_spi.o
 .debug_info    0x000088be     0x2f56 ./Drivers/STM32F4xx_HAL_Driver/Src/stm32f4xx_hal_uart.o
 .debug_info    0x0000b814      0x5d7 ./FreeRTOS/Src/heap_4.o
 .debug_info    0x0000bdeb      0x2aa ./FreeRTOS/Src/list.o
 .debug_info    0x0000c095      0x54c ./FreeRTOS/Src/port.o
 .debug_info    0x0000c5e1     0x1a40 ./FreeRTOS/Src/queue.o
 .debug_info    0x0000e021     0x2786 ./FreeRTOS/Src/tasks.o
 .debug_info    0x000107a7     0x1379 ./FreeRTOS/Src/timers.o

.debug_abbrev   0x00000000     0x27fa
 .debug_abbrev  0x00000000      0x299 ./Core/Src/main.o
 .debug_abbrev  0x00000299      0x1d8 ./Core/Src/stm32f4xx_hal_msp.o
 .debug_abbrev  0x00000471       0x73 ./Core/Src/stm32f4xx_it.o
 .debug_abbrev  0x000004e4      0x11a ./Core/Src/system_stm32f4xx.o
 .debug_abbrev  0x000005fe       0x24 ./Core/Startup/startup_stm32f401retx.o
 .debug_abbrev  0x00000622      0x24b ./Drivers/STM32F4xx_HAL_Driver/Src/stm32f4xx_hal.o
 .debug_abbrev  0x0000086d      0x31d ./Drivers/STM32F4xx_HAL_Driver/Src/stm32f4xx_hal_cortex.o
 .debug_abbrev  0x00000b8a      0x1d3 ./Drivers/STM32F4xx_HAL_Driver/Src/stm32f4xx_hal_gpio.o
 .debug_abbrev  0x00000d5d      0x2bc ./Drivers/STM32F4xx_HAL_Driver/Src/stm32f4xx_hal_i2c.o
 .debug_abbrev  0x00001019      0x2b6 ./Drivers/STM32F4xx_HAL_Driver/Src/stm32f4xx_hal_rcc.o
 .debug_abbrev  0x000012cf      0x276 ./Drivers/STM32F4xx_HAL_Driver/Src/stm32f4xx_hal_spi.o
 .debug_abbrev  0x00001545      0x31b ./Drivers/STM32F4xx_HAL_Driver/Src/stm32f4xx_hal_uart.o
 .debug_abbrev  0x00001860      0x25a ./FreeRTOS/Src/heap_4.o
 .debug_abbrev  0x00001aba       0xee ./FreeRTOS/Src/list.o
 .debug_abbrev  0x00001ba8      0x235 ./FreeRTOS/Src/port.o
 .debug_abbrev  0x00001ddd      0x344 ./FreeRTOS/Src/queue.o
 .debug_abbrev  0x00002121      0x388 ./FreeRTOS/Src/tasks.o
 .debug_abbrev  0x000024a9      0x351 ./FreeRTOS/Src/timers.o

.debug_aranges  0x00000000     0x1040
 .debug_aranges
                0x00000000       0x68 ./Core/Src/main.o
 .debug_aranges
                0x00000068       0x50 ./Core/Src/stm32f4xx_hal_msp.o
 .debug_aranges
                0x000000b8       0x60 ./Core/Src/stm32f4xx_it.o
 .debug_aranges
                0x00000118       0x28 ./Core/Src/system_stm32f4xx.o
 .debug_aranges
                0x00000140       0x28 ./Core/Startup/startup_stm32f401retx.o
 .debug_aranges
                0x00000168       0xf0 ./Drivers/STM32F4xx_HAL_Driver/Src/stm32f4xx_hal.o
 .debug_aranges
                0x00000258      0x130 ./Drivers/STM32F4xx_HAL_Driver/Src/stm32f4xx_hal_cortex.o
 .debug_aranges
                0x00000388       0x58 ./Drivers/STM32F4xx_HAL_Driver/Src/stm32f4xx_hal_gpio.o
 .debug_aranges
                0x000003e0      0x2a8 ./Drivers/STM32F4xx_HAL_Driver/Src/stm32f4xx_hal_i2c.o
 .debug_aranges
                0x00000688       0x88 ./Drivers/STM32F4xx_HAL_Driver/Src/stm32f4xx_hal_rcc.o
 .debug_aranges
                0x00000710      0x1d0 ./Drivers/STM32F4xx_HAL_Driver/Src/stm32f4xx_hal_spi.o
 .debug_aranges
                0x000008e0      0x208 ./Drivers/STM32F4xx_HAL_Driver/Src/stm32f4xx_hal_uart.o
 .debug_aranges
                0x00000ae8       0x68 ./FreeRTOS/Src/heap_4.o
 .debug_aranges
                0x00000b50       0x40 ./FreeRTOS/Src/list.o
 .debug_aranges
                0x00000b90       0x80 ./FreeRTOS/Src/port.o
 .debug_aranges
                0x00000c10      0x130 ./FreeRTOS/Src/queue.o
 .debug_aranges
                0x00000d40      0x208 ./FreeRTOS/Src/tasks.o
 .debug_aranges
                0x00000f48       0xf8 ./FreeRTOS/Src/timers.o

.debug_rnglists
                0x00000000      0xcc6
 .debug_rnglists
                0x00000000       0x4b ./Core/Src/main.o
 .debug_rnglists
                0x0000004b       0x3a ./Core/Src/stm32f4xx_hal_msp.o
 .debug_rnglists
                0x00000085       0x43 ./Core/Src/stm32f4xx_it.o
 .debug_rnglists
                0x000000c8       0x1a ./Core/Src/system_stm32f4xx.o
 .debug_rnglists
                0x000000e2       0x19 ./Core/Startup/startup_stm32f401retx.o
 .debug_rnglists
                0x000000fb       0xaf ./Drivers/STM32F4xx_HAL_Driver/Src/stm32f4xx_hal.o
 .debug_rnglists
                0x000001aa       0xe0 ./Drivers/STM32F4xx_HAL_Driver/Src/stm32f4xx_hal_cortex.o
 .debug_rnglists
                0x0000028a       0x3f ./Drivers/STM32F4xx_HAL_Driver/Src/stm32f4xx_hal_gpio.o
 .debug_rnglists
                0x000002c9      0x23c ./Drivers/STM32F4xx_HAL_Driver/Src/stm32f4xx_hal_i2c.o
 .debug_rnglists
                0x00000505       0x66 ./Drivers/STM32F4xx_HAL_Driver/Src/stm32f4xx_hal_rcc.o
 .debug_rnglists
                0x0000056b      0x16f ./Drivers/STM32F4xx_HAL_Driver/Src/stm32f4xx_hal_spi.o
 .debug_rnglists
                0x000006da      0x1bc ./Drivers/STM32F4xx_HAL_Driver/Src/stm32f4xx_hal_uart.o
 .debug_rnglists
                0x00000896       0x4e ./FreeRTOS/Src/heap_4.o
 .debug_rnglists
                0x000008e4       0x2b ./FreeRTOS/Src/list.o
 .debug_rnglists
                0x0000090f       0x5d ./FreeRTOS/Src/port.o
 .debug_rnglists
                0x0000096c       0xed ./FreeRTOS/Src/queue.o
 .debug_rnglists
                0x00000a59      0x1b1 ./FreeRTOS/Src/tasks.o
 .debug_rnglists
                0x00000c0a       0xbc ./FreeRTOS/Src/timers.o

.debug_macro    0x00000000    0x178c7
 .debug_macro   0x00000000      0x264 ./Core/Src/main.o
 .debug_macro   0x00000264      0xad8 ./Core/Src/main.o
 .debug_macro   0x00000d3c      0x2a1 ./Core/Src/main.o
 .debug_macro   0x00000fdd       0x2e ./Core/Src/main.o
 .debug_macro   0x0000100b       0x28 ./Core/Src/main.o
 .debug_macro   0x00001033       0x22 ./Core/Src/main.o
 .debug_macro   0x00001055       0x8e ./Core/Src/main.o
 .debug_macro   0x000010e3       0x51 ./Core/Src/main.o
 .debug_macro   0x00001134      0x103 ./Core/Src/main.o
 .debug_macro   0x00001237       0x6a ./Core/Src/main.o
 .debug_macro   0x000012a1      0x1df ./Core/Src/main.o
 .debug_macro   0x00001480       0x1c ./Core/Src/main.o
 .debug_macro   0x0000149c       0x22 ./Core/Src/main.o
 .debug_macro   0x000014be       0xfb ./Core/Src/main.o
 .debug_macro   0x000015b9     0x1011 ./Core/Src/main.o
 .debug_macro   0x000025ca      0x11f ./Core/Src/main.o
 .debug_macro   0x000026e9     0xb86c ./Core/Src/main.o
 .debug_macro   0x0000df55       0x6d ./Core/Src/main.o
 .debug_macro   0x0000dfc2     0x369a ./Core/Src/main.o
 .debug_macro   0x0001165c      0x190 ./Core/Src/main.o
 .debug_macro   0x000117ec       0x5c ./Core/Src/main.o
 .debug_macro   0x00011848      0x416 ./Core/Src/main.o
 .debug_macro   0x00011c5e      0x9e9 ./Core/Src/main.o
 .debug_macro   0x00012647      0x115 ./Core/Src/main.o
 .debug_macro   0x0001275c       0xf8 ./Core/Src/main.o
 .debug_macro   0x00012854       0xa5 ./Core/Src/main.o
 .debug_macro   0x000128f9      0x15f ./Core/Src/main.o
 .debug_macro   0x00012a58      0x287 ./Core/Src/main.o
 .debug_macro   0x00012cdf       0x5f ./Core/Src/main.o
 .debug_macro   0x00012d3e      0x236 ./Core/Src/main.o
 .debug_macro   0x00012f74      0x132 ./Core/Src/main.o
 .debug_macro   0x000130a6      0x264 ./Core/Src/main.o
 .debug_macro   0x0001330a       0x2e ./Core/Src/main.o
 .debug_macro   0x00013338      0x1b5 ./Core/Src/main.o
 .debug_macro   0x000134ed       0x22 ./Core/Src/main.o
 .debug_macro   0x0001350f       0xd6 ./Core/Src/main.o
 .debug_macro   0x000135e5      0x127 ./Core/Src/main.o
 .debug_macro   0x0001370c       0x85 ./Core/Src/main.o
 .debug_macro   0x00013791       0x89 ./Core/Src/main.o
 .debug_macro   0x0001381a      0x225 ./Core/Src/main.o
 .debug_macro   0x00013a3f      0x2aa ./Core/Src/main.o
 .debug_macro   0x00013ce9      0x126 ./Core/Src/main.o
 .debug_macro   0x00013e0f       0x1c ./Core/Src/main.o
 .debug_macro   0x00013e2b       0x16 ./Core/Src/main.o
 .debug_macro   0x00013e41      0x293 ./Core/Src/main.o
 .debug_macro   0x000140d4      0x182 ./Core/Src/main.o
 .debug_macro   0x00014256       0xd2 ./Core/Src/main.o
 .debug_macro   0x00014328       0x22 ./Core/Src/main.o
 .debug_macro   0x0001434a       0x1f ./Core/Src/main.o
 .debug_macro   0x00014369       0x12 ./Core/Src/main.o
 .debug_macro   0x0001437b      0xf29 ./Core/Src/main.o
 .debug_macro   0x000152a4       0xc3 ./Core/Src/main.o
 .debug_macro   0x00015367      0x14f ./Core/Src/main.o
 .debug_macro   0x000154b6      0x1ec ./Core/Src/stm32f4xx_hal_msp.o
 .debug_macro   0x000156a2      0x1f6 ./Core/Src/stm32f4xx_it.o
 .debug_macro   0x00015898      0x1dd ./Core/Src/system_stm32f4xx.o
 .debug_macro   0x00015a75      0x23d ./Drivers/STM32F4xx_HAL_Driver/Src/stm32f4xx_hal.o
 .debug_macro   0x00015cb2      0x1dd ./Drivers/STM32F4xx_HAL_Driver/Src/stm32f4xx_hal_cortex.o
 .debug_macro   0x00015e8f      0x1e3 ./Drivers/STM32F4xx_HAL_Driver/Src/stm32f4xx_hal_gpio.o
 .debug_macro   0x00016072      0x22b ./Drivers/STM32F4xx_HAL_Driver/Src/stm32f4xx_hal_i2c.o
 .debug_macro   0x0001629d      0x201 ./Drivers/STM32F4xx_HAL_Driver/Src/stm32f4xx_hal_rcc.o
 .debug_macro   0x0001649e      0x1ec ./Drivers/STM32F4xx_HAL_Driver/Src/stm32f4xx_hal_spi.o
 .debug_macro   0x0001668a      0x1de ./Drivers/STM32F4xx_HAL_Driver/Src/stm32f4xx_hal_uart.o
 .debug_macro   0x00016868      0x232 ./FreeRTOS/Src/heap_4.o
 .debug_macro   0x00016a9a      0x11c ./FreeRTOS/Src/heap_4.o
 .debug_macro   0x00016bb6       0x9b ./FreeRTOS/Src/heap_4.o
 .debug_macro   0x00016c51       0x16 ./FreeRTOS/Src/heap_4.o
 .debug_macro   0x00016c67       0x20 ./FreeRTOS/Src/heap_4.o
 .debug_macro   0x00016c87      0x1a3 ./FreeRTOS/Src/list.o
 .debug_macro   0x00016e2a      0x1d0 ./FreeRTOS/Src/port.o
 .debug_macro   0x00016ffa      0x23a ./FreeRTOS/Src/queue.o
 .debug_macro   0x00017234       0x8e ./FreeRTOS/Src/queue.o
 .debug_macro   0x000172c2      0x2c7 ./FreeRTOS/Src/tasks.o
 .debug_macro   0x00017589       0x98 ./FreeRTOS/Src/tasks.o
 .debug_macro   0x00017621       0x16 ./FreeRTOS/Src/tasks.o
 .debug_macro   0x00017637      0x1f2 ./FreeRTOS/Src/timers.o
 .debug_macro   0x00017829       0x9e ./FreeRTOS/Src/timers.o

.debug_line     0x00000000    0x12d57
 .debug_line    0x00000000      0x9f1 ./Core/Src/main.o
 .debug_line    0x000009f1      0x857 ./Core/Src/stm32f4xx_hal_msp.o
 .debug_line    0x00001248      0x80c ./Core/Src/stm32f4xx_it.o
 .debug_line    0x00001a54      0x7e2 ./Core/Src/system_stm32f4xx.o
 .debug_line    0x00002236       0x7a ./Core/Startup/startup_stm32f401retx.o
 .debug_line    0x000022b0      0xa4f ./Drivers/STM32F4xx_HAL_Driver/Src/stm32f4xx_hal.o
 .debug_line    0x00002cff      0xd1f ./Drivers/STM32F4xx_HAL_Driver/Src/stm32f4xx_hal_cortex.o
 .debug_line    0x00003a1e      0xb6b ./Drivers/STM32F4xx_HAL_Driver/Src/stm32f4xx_hal_gpio.o
 .debug_line    0x00004589     0x3b01 ./Drivers/STM32F4xx_HAL_Driver/Src/stm32f4xx_hal_i2c.o
 .debug_line    0x0000808a      0xe5c ./Drivers/STM32F4xx_HAL_Driver/Src/stm32f4xx_hal_rcc.o
 .debug_line    0x00008ee6     0x1ce4 ./Drivers/STM32F4xx_HAL_Driver/Src/stm32f4xx_hal_spi.o
 .debug_line    0x0000abca     0x255e ./Drivers/STM32F4xx_HAL_Driver/Src/stm32f4xx_hal_uart.o
 .debug_line    0x0000d128      0xadc ./FreeRTOS/Src/heap_4.o
 .debug_line    0x0000dc04      0x74f ./FreeRTOS/Src/list.o
 .debug_line    0x0000e353      0x831 ./FreeRTOS/Src/port.o
 .debug_line    0x0000eb84     0x1633 ./FreeRTOS/Src/queue.o
 .debug_line    0x000101b7     0x1e1b ./FreeRTOS/Src/tasks.o
 .debug_line    0x00011fd2      0xd85 ./FreeRTOS/Src/timers.o

.debug_str      0x00000000    0x97d9d
 .debug_str     0x00000000    0x97d9d ./Core/Src/main.o
                              0x8d80a (size before relaxing)
 .debug_str     0x00097d9d    0x82d58 ./Core/Src/stm32f4xx_hal_msp.o
 .debug_str     0x00097d9d    0x8235f ./Core/Src/stm32f4xx_it.o
 .debug_str     0x00097d9d    0x82439 ./Core/Src/system_stm32f4xx.o
 .debug_str     0x00097d9d       0x88 ./Core/Startup/startup_stm32f401retx.o
 .debug_str     0x00097d9d    0x82e5b ./Drivers/STM32F4xx_HAL_Driver/Src/stm32f4xx_hal.o
 .debug_str     0x00097d9d    0x82bc5 ./Drivers/STM32F4xx_HAL_Driver/Src/stm32f4xx_hal_cortex.o
 .debug_str     0x00097d9d    0x825b4 ./Drivers/STM32F4xx_HAL_Driver/Src/stm32f4xx_hal_gpio.o
 .debug_str     0x00097d9d    0x8344a ./Drivers/STM32F4xx_HAL_Driver/Src/stm32f4xx_hal_i2c.o
 .debug_str     0x00097d9d    0x8286d ./Drivers/STM32F4xx_HAL_Driver/Src/stm32f4xx_hal_rcc.o
 .debug_str     0x00097d9d    0x82ce5 ./Drivers/STM32F4xx_HAL_Driver/Src/stm32f4xx_hal_spi.o
 .debug_str     0x00097d9d    0x82e3c ./Drivers/STM32F4xx_HAL_Driver/Src/stm32f4xx_hal_uart.o
 .debug_str     0x00097d9d    0x12297 ./FreeRTOS/Src/heap_4.o
 .debug_str     0x00097d9d    0x10773 ./FreeRTOS/Src/list.o
 .debug_str     0x00097d9d     0xf1ec ./FreeRTOS/Src/port.o
 .debug_str     0x00097d9d    0x132a1 ./FreeRTOS/Src/queue.o
 .debug_str     0x00097d9d    0x14013 ./FreeRTOS/Src/tasks.o
 .debug_str     0x00097d9d    0x136e0 ./FreeRTOS/Src/timers.o

.comment        0x00000000       0x43
 .comment       0x00000000       0x43 ./Core/Src/main.o
                                 0x44 (size before relaxing)
 .comment       0x00000043       0x44 ./Core/Src/stm32f4xx_hal_msp.o
 .comment       0x00000043       0x44 ./Core/Src/stm32f4xx_it.o
 .comment       0x00000043       0x44 ./Core/Src/system_stm32f4xx.o
 .comment       0x00000043       0x44 ./Drivers/STM32F4xx_HAL_Driver/Src/stm32f4xx_hal.o
 .comment       0x00000043       0x44 ./Drivers/STM32F4xx_HAL_Driver/Src/stm32f4xx_hal_cortex.o
 .comment       0x00000043       0x44 ./Drivers/STM32F4xx_HAL_Driver/Src/stm32f4xx_hal_gpio.o
 .comment       0x00000043       0x44 ./Drivers/STM32F4xx_HAL_Driver/Src/stm32f4xx_hal_i2c.o
 .comment       0x00000043       0x44 ./Drivers/STM32F4xx_HAL_Driver/Src/stm32f4xx_hal_rcc.o
 .comment       0x00000043       0x44 ./Drivers/STM32F4xx_HAL_Driver/Src/stm32f4xx_hal_spi.o
 .comment       0x00000043       0x44 ./Drivers/STM32F4xx_HAL_Driver/Src/stm32f4xx_hal_uart.o
 .comment       0x00000043       0x44 ./FreeRTOS/Src/heap_4.o
 .comment       0x00000043       0x44 ./FreeRTOS/Src/list.o
 .comment       0x00000043       0x44 ./FreeRTOS/Src/port.o
 .comment       0x00000043       0x44 ./FreeRTOS/Src/queue.o
 .comment       0x00000043       0x44 ./FreeRTOS/Src/tasks.o
 .comment       0x00000043       0x44 ./FreeRTOS/Src/timers.o

.debug_frame    0x00000000     0x446c
 .debug_frame   0x00000000      0x14c ./Core/Src/main.o
 .debug_frame   0x0000014c      0x110 ./Core/Src/stm32f4xx_hal_msp.o
 .debug_frame   0x0000025c      0x104 ./Core/Src/stm32f4xx_it.o
 .debug_frame   0x00000360       0x58 ./Core/Src/system_stm32f4xx.o
 .debug_frame   0x000003b8      0x374 ./Drivers/STM32F4xx_HAL_Driver/Src/stm32f4xx_hal.o
 .debug_frame   0x0000072c      0x508 ./Drivers/STM32F4xx_HAL_Driver/Src/stm32f4xx_hal_cortex.o
 .debug_frame   0x00000c34      0x14c ./Drivers/STM32F4xx_HAL_Driver/Src/stm32f4xx_hal_gpio.o
 .debug_frame   0x00000d80      0xc84 ./Drivers/STM32F4xx_HAL_Driver/Src/stm32f4xx_hal_i2c.o
 .debug_frame   0x00001a04      0x1f4 ./Drivers/STM32F4xx_HAL_Driver/Src/stm32f4xx_hal_rcc.o
 .debug_frame   0x00001bf8      0x828 ./Drivers/STM32F4xx_HAL_Driver/Src/stm32f4xx_hal_spi.o
 .debug_frame   0x00002420      0x954 ./Drivers/STM32F4xx_HAL_Driver/Src/stm32f4xx_hal_uart.o
 .debug_frame   0x00002d74      0x174 ./FreeRTOS/Src/heap_4.o
 .debug_frame   0x00002ee8       0xd8 ./FreeRTOS/Src/list.o
 .debug_frame   0x00002fc0      0x1a8 ./FreeRTOS/Src/port.o
 .debug_frame   0x00003168      0x528 ./FreeRTOS/Src/queue.o
 .debug_frame   0x00003690      0x8f8 ./FreeRTOS/Src/tasks.o
 .debug_frame   0x00003f88      0x410 ./FreeRTOS/Src/timers.o
 .debug_frame   0x00004398       0x20 C:/ST/STM32CubeIDE_1.18.0/STM32CubeIDE/plugins/com.st.stm32cube.ide.mcu.externaltools.gnu-tools-for-stm32.13.3.rel1.win32_1.0.0.202411081344/tools/bin/../lib/gcc/arm-none-eabi/13.3.1/../../../../arm-none-eabi/lib/thumb/v7e-m+fp/hard\libc_nano.a(libc_a-memset.o)
 .debug_frame   0x000043b8       0x2c C:/ST/STM32CubeIDE_1.18.0/STM32CubeIDE/plugins/com.st.stm32cube.ide.mcu.externaltools.gnu-tools-for-stm32.13.3.rel1.win32_1.0.0.202411081344/tools/bin/../lib/gcc/arm-none-eabi/13.3.1/../../../../arm-none-eabi/lib/thumb/v7e-m+fp/hard\libc_nano.a(libc_a-init.o)
 .debug_frame   0x000043e4       0x28 C:/ST/STM32CubeIDE_1.18.0/STM32CubeIDE/plugins/com.st.stm32cube.ide.mcu.externaltools.gnu-tools-for-stm32.13.3.rel1.win32_1.0.0.202411081344/tools/bin/../lib/gcc/arm-none-eabi/13.3.1/../../../../arm-none-eabi/lib/thumb/v7e-m+fp/hard\libc_nano.a(libc_a-memcpy-stub.o)
 .debug_frame   0x0000440c       0x2c C:/ST/STM32CubeIDE_1.18.0/STM32CubeIDE/plugins/com.st.stm32cube.ide.mcu.externaltools.gnu-tools-for-stm32.13.3.rel1.win32_1.0.0.202411081344/tools/bin/../lib/gcc/arm-none-eabi/13.3.1/thumb/v7e-m+fp/hard\libgcc.a(_aeabi_uldivmod.o)
 .debug_frame   0x00004438       0x34 C:/ST/STM32CubeIDE_1.18.0/STM32CubeIDE/plugins/com.st.stm32cube.ide.mcu.externaltools.gnu-tools-for-stm32.13.3.rel1.win32_1.0.0.202411081344/tools/bin/../lib/gcc/arm-none-eabi/13.3.1/thumb/v7e-m+fp/hard\libgcc.a(_udivmoddi4.o)

.debug_line_str
                0x00000000       0x6c
 .debug_line_str
                0x00000000       0x6c ./Core/Startup/startup_stm32f401retx.o
